<html>
<body>
<pre>
<h1>µVision Build Log</h1>
<h2>Tool Versions:</h2>
IDE-Version: ¦ÌVision V5.39.0.0
Copyright (C) 2023 ARM Ltd and ARM Germany GmbH. All rights reserved.
License Information: 11 11, 11, LIC=MPPLD-8JNVW-2ZCW4-FTPD8-5KID9-7IBGF
 
Tool Versions:
Toolchain:       MDK-ARM Plus  Version: 5.39.0.0
Toolchain Path:  D:\Keli5\ARM\ARMCC\Bin
C Compiler:      Armcc.exe V5.06 update 7 (build 960)
Assembler:       Armasm.exe V5.06 update 7 (build 960)
Linker/Locator:  ArmLink.exe V5.06 update 7 (build 960)
Library Manager: ArmAr.exe V5.06 update 7 (build 960)
Hex Converter:   FromElf.exe V5.06 update 7 (build 960)
CPU DLL:         SARMCM3.DLL V5.39.0.0
Dialog DLL:      DCM.DLL V1.17.5.0
Target DLL:      CMSIS_AGDI.dll V1.33.16.0
Dialog DLL:      TCM.DLL V1.56.4.0
 
<h2>Project:</h2>
D:\STM32 depository\stm32item\2026NUEDC\CAR\MDK-ARM\CAR.uvprojx
Project File Date:  07/28/2026

<h2>Output:</h2>
*** Using Compiler 'V5.06 update 7 (build 960)', folder: 'D:\Keli5\ARM\ARMCC\Bin'
Build target 'CAR'
compiling Car.c...
..\App\Car.c(125): warning:  #177-D: variable "cmd"  was declared but never referenced
      RosCmdVel_t cmd;
..\App\Car.c(162): warning:  #177-D: variable "cmd"  was declared but never referenced
      RosCmdVel_t cmd;
..\App\Car.c(163): warning:  #177-D: variable "debug"  was declared but never referenced
      RosProtocolDebug_t debug;
..\App\Car.c(164): warning:  #177-D: variable "has_cmd"  was declared but never referenced
      uint8_t has_cmd;
..\App\Car.c(165): warning:  #177-D: variable "has_timeout"  was declared but never referenced
      uint8_t has_timeout;
..\App\Car.c(166): warning:  #177-D: variable "rx_count"  was declared but never referenced
      uint32_t rx_count;
..\App\Car.c(167): warning:  #550-D: variable "last_print_ms"  was set but never used
      uint32_t last_print_ms;
..\App\Car.c(168): warning:  #177-D: variable "now_ms"  was declared but never referenced
      uint32_t now_ms;
..\App\Car.c: 8 warnings, 0 errors
linking...
Program Size: Code=39426 RO-data=930 RW-data=296 ZI-data=28424  
FromELF: creating hex file...
"CAR\CAR.axf" - 0 Error(s), 8 Warning(s).

<h2>Software Packages used:</h2>

Package Vendor: ARM
                http://www.keil.com/pack/ARM.CMSIS.5.9.0.pack
                ARM::CMSIS@5.9.0
                CMSIS (Common Microcontroller Software Interface Standard)
   * Component: CORE Version: 5.6.0

Package Vendor: Keil
                https://www.keil.com/pack/Keil.STM32H7xx_DFP.4.0.0.pack
                Keil::STM32H7xx_DFP@4.0.0
                STMicroelectronics STM32H7 Series Device Support

<h2>Collection of Component include folders:</h2>
  ./RTE/_CAR
  D:/Keli5/Pack/ARM/CMSIS/5.9.0/CMSIS/Core/Include

<h2>Collection of Component Files used:</h2>

   * Component: ARM::CMSIS:CORE@5.6.0
      Include file:  CMSIS/Core/Include/tz_context.h
Build Time Elapsed:  00:00:05
</pre>
</body>
</html>
